=== ctx-builtin-dec-redefined.watsup ===
error[elab/function-builtin-repeated]: builtin function `f` was already defined
  ┌─ elab/ctx-builtin-dec-redefined.watsup:4:14
  │
3 │ builtin dec $f : nat
  │              - first declaration
4 │ builtin dec $f : nat
  │              ^

---
=== ctx-builtin-dec-tparam-duplicate.watsup ===
error[elab/function-builtin-type-parameter-repeated]: type parameter `U` was already defined
  ┌─ elab/ctx-builtin-dec-tparam-duplicate.watsup:4:22
  │
4 │ builtin dec $f<T, U, U, T> : nat
  │                   -  ^
  │                   │   
  │                   first declaration

---
=== ctx-dec-redefined.watsup ===
error[elab/function-repeated]: function `f` was already defined
  ┌─ elab/ctx-dec-redefined.watsup:4:6
  │
3 │ dec $f(nat) : nat
  │      -- first declaration
4 │ dec $f(nat) : nat
  │      ^^

---
=== ctx-dec-tparam-duplicate.watsup ===
error[elab/function-type-parameter-repeated]: type parameter `U` was already defined
  ┌─ elab/ctx-dec-tparam-duplicate.watsup:3:14
  │
3 │ dec $f<T, U, U, T> : nat
  │           -  ^
  │           │   
  │           first declaration

---
=== ctx-dec-undefined.watsup ===
error[elab/function-undefined]: function `missing` is undefined
  ┌─ elab/ctx-dec-undefined.watsup:6:19
  │
5 │ dec $caller(nat) : nat
  │                    --- return value of function '$caller' expects 'nat'
6 │ def $caller(n) = $missing(n)
  │                   ^^^^^^^^

---
=== ctx-defined-dec-undefined.watsup ===
error[elab/function-declaration-required]: a definition of function `missing` requires a preceding matching `dec` declaration
  ┌─ elab/ctx-defined-dec-undefined.watsup:3:6
  │
3 │ def $missing(n) = n
  │      ^^^^^^^^

---
=== ctx-extern-dec-redefined.watsup ===
error[elab/function-extern-repeated]: extern function `f` was already defined
  ┌─ elab/ctx-extern-dec-redefined.watsup:2:13
  │
1 │ extern dec $f : nat
  │             - first declaration
2 │ extern dec $f : nat
  │             ^

---
=== ctx-extern-dec-tparam-duplicate.watsup ===
error[elab/function-extern-type-parameter-repeated]: type parameter `U` was already defined
  ┌─ elab/ctx-extern-dec-tparam-duplicate.watsup:1:21
  │
1 │ extern dec $f<T, U, U, T> : nat
  │                  -  ^
  │                  │   
  │                  first declaration

---
=== ctx-extern-relation-redefined.watsup ===
error[elab/relation-extern-repeated]: extern relation `R` was already defined
  ┌─ elab/ctx-extern-relation-redefined.watsup:5:17
  │
1 │ extern relation R:
  │                 - first declaration
  ·
5 │ extern relation R:
  │                 ^

---
=== ctx-extern-relation-rules.watsup ===
error[elab/relation-extern-rule-unsupported]: extern relation `R` does not allow rules
  ┌─ elab/ctx-extern-relation-rules.watsup:5:6
  │
1 │ extern relation R:
  │                 - extern relation declared here
  ·
5 │ rule R/case:
  │      ^

---
=== ctx-function-otherwise-redefined.watsup ===
error[elab/function-otherwise-repeated]: an `otherwise` clause for function `fallback` was already defined
  ┌─ elab/ctx-function-otherwise-redefined.watsup:8:1
  │    
5 │   ╭ def $fallback = 0
6 │   │   -- otherwise
  │   ╰──────────────' first otherwise clause
7 │     
8 │ ╭   def $fallback = 1
9 │ │     -- otherwise
  │ ╰────────────────^

---
=== ctx-funparam-tparam-duplicate.watsup ===
error[elab/function-parameter-type-parameter-repeated]: type parameter `U` is repeated
  ┌─ elab/ctx-funparam-tparam-duplicate.watsup:4:21
  │
4 │ dec $f(def $g<T, U, U, T> : nat) : nat
  │                  -  ^
  │                  │   
  │                  first declared here

---
=== ctx-invalid-metavar-in-prem.watsup ===
error[elab/premise-variable-identifier-invalid]: meta-variable identifier `x_1` must not have a suffix
   ┌─ elab/ctx-invalid-metavar-in-prem.watsup:11:10
   │
11 │   -- var x_1 : foo
   │          ^^^

---
=== ctx-metavar-id-has-suffix.watsup ===
error[elab/meta-variable-identifier-invalid]: meta-variable identifier `x_1` must not have a suffix
  ┌─ elab/ctx-metavar-id-has-suffix.watsup:4:5
  │
4 │ var x_1 : nat
  │     ^^^

---
=== ctx-metavar-redefined.watsup ===
error[elab/meta-variable-repeated]: meta-variable `x` was already defined
  ┌─ elab/ctx-metavar-redefined.watsup:4:5
  │
3 │ var x : nat
  │     - first declaration
4 │ var x : int
  │     ^

---
=== ctx-otherwise-redefined.watsup ===
error[elab/relation-otherwise-repeated]: an `otherwise` rule for relation `R` was already defined
   ┌─ elab/ctx-otherwise-redefined.watsup:10:1
   │    
 6 │   ╭ rule R/first:
 7 │   │   0 |- 0
 8 │   │   -- otherwise
   │   ╰──────────────' first otherwise rule
 9 │     
10 │ ╭   rule R/second:
11 │ │     0 |- 0
12 │ │     -- otherwise
   │ ╰────────────────^

---
=== ctx-relation-redefined.watsup ===
error[elab/relation-repeated]: relation `R` was already defined
  ┌─ elab/ctx-relation-redefined.watsup:8:10
  │
5 │ relation R: nat |- foo
  │          - first declaration
  ·
8 │ relation R: nat |- foo
  │          ^

---
=== ctx-relation-undefined-in-premise.watsup ===
error[elab/relation-undefined]: relation `Missing` is undefined
   ┌─ elab/ctx-relation-undefined-in-premise.watsup:10:6
   │
10 │   -- Missing: 0 |- 0
   │      ^^^^^^^

---
=== ctx-relation-undefined.watsup ===
error[elab/relation-rule-undefined]: relation `Missing` is undefined
  ┌─ elab/ctx-relation-undefined.watsup:5:6
  │
5 │ rule Missing/case:
  │      ^^^^^^^

---
=== ctx-rulegroup-redefined.watsup ===
error[elab/relation-rule-group-repeated]: rule group `same` was already defined
  ┌─ elab/ctx-rulegroup-redefined.watsup:9:7
  │
6 │ rule R/same:
  │       ----- first declaration
  ·
9 │ rule R/same:
  │       ^^^^^

---
=== ctx-table-dec-redefined.watsup ===
error[elab/function-table-repeated]: table function `lookup` was already defined
  ┌─ elab/ctx-table-dec-redefined.watsup:2:10
  │
1 │ tbl dec $lookup(nat) : bool
  │          ------- first declaration
2 │ tbl dec $lookup(nat) : bool
  │          ^^^^^^^

---
=== ctx-table-dec-undefined.watsup ===
error[elab/function-table-undefined]: table function `missing` is undefined
  ┌─ elab/ctx-table-dec-undefined.watsup:1:10
  │
1 │ tbl def $missing =
  │          ^^^^^^^

---
=== ctx-table-function-required.watsup ===
error[elab/function-table-required]: non-table function `lookup` does not allow table rows
  ┌─ elab/ctx-table-function-required.watsup:3:10
  │
1 │ dec $lookup(nat) : bool
  │      ------- function declared here
2 │ 
3 │ tbl def $lookup =
  │          ^^^^^^

---
=== ctx-table-rows-redefined.watsup ===
error[elab/table-row-repeated]: table `lookup` was already defined
  ┌─ elab/ctx-table-rows-redefined.watsup:6:10
  │
4 │   | _ => true
  │     --------- first table definition
5 │ 
6 │ tbl def $lookup =
  │          ^^^^^^

---
=== ctx-type-already-defined-in-prem.watsup ===
error[elab/premise-variable-type-repeated]: meta-variable name `foo` is already used by a type
   ┌─ elab/ctx-type-already-defined-in-prem.watsup:11:10
   │
 4 │ syntax foo = nat
   │        --- type declared here
   ·
11 │   -- var foo : nat
   │          ^^^

---
=== ctx-type-already-defined-in-var.watsup ===
error[elab/meta-variable-type-repeated]: meta-variable name `foo` is already used by a type
  ┌─ elab/ctx-type-already-defined-in-var.watsup:6:5
  │
4 │ syntax foo = nat
  │        --- first declaration
5 │ 
6 │ var foo : int
  │     ^^^

---
=== ctx-type-fully-redefined.watsup ===
error[elab/type-definition-repeated]: type `foo` was already defined
  ┌─ elab/ctx-type-fully-redefined.watsup:4:8
  │
3 │ syntax foo = nat
  │        --- first declaration
4 │ syntax foo = int
  │        ^^^

---
=== empty-iteration-expression.watsup ===
error[elab/iteration-expression-empty]: iteration has no variable to iterate over
  ┌─ elab/empty-iteration-expression.watsup:4:10
  │
4 │ def $f = 0*
  │          ^^
  │
  = Each iteration consumes one `*` or `?` from a variable inside it; no variable has an iteration left to consume.

---
=== empty-iteration-premise.watsup ===
error[elab/iteration-premise-empty]: iteration has no variable to iterate over
   ┌─ elab/empty-iteration-premise.watsup:10:6
   │
10 │   -- (if true)*
   │      ^^^^^^^^^^
   │
   = Each iteration consumes one `*` or `?` from a variable inside it; no variable has an iteration left to consume.

---
=== extern-type-syn-invalid-id.watsup ===
error[elab/type-extern-identifier-invalid]: type identifier `x_1` must not have a suffix
  ┌─ elab/extern-type-syn-invalid-id.watsup:1:15
  │
1 │ extern syntax x_1
  │               ^^^

---
=== iteration-dimension-mismatch.watsup ===
error[elab/iteration-dimension-mismatch]: identifier `i_a` has incompatible iteration dimensions: `int*` and `int?`
  ┌─ elab/iteration-dimension-mismatch.watsup:4:14
  │
4 │ def $f(i_a*, i_a?) = 0
  │        ---   ^^^
  │        │      
  │        other occurrence has dimension `int*`

---
=== relation-input-hint-duplicate-index.watsup ===
error[elab/relation-input-hint-index-repeated]: input hint repeats index `%1`
  ┌─ elab/relation-input-hint-duplicate-index.watsup:6:20
  │
6 │   hint(input %0 %1 %1 %0)
  │                 -- ^^
  │                 │   
  │                 first occurrence here

---
=== relation-input-hint-empty.watsup ===
error[elab/relation-input-hint-empty]: input hint must contain at least one index such as `%0`
  ┌─ elab/relation-input-hint-empty.watsup:6:13
  │
6 │   hint(input)
  │             ^

---
=== relation-input-hint-non-hole.watsup ===
error[elab/relation-input-hint-invalid]: input hint must be a sequence of indexed holes such as `%0`, but got `0`
  ┌─ elab/relation-input-hint-non-hole.watsup:7:14
  │
7 │   hint(input 0)
  │              ^

---
=== relation-input-hint-out-of-bounds.watsup ===
error[elab/relation-input-hint-index-out-of-bounds]: input hint index `%2` is out of bounds for a relation with 2 positions
  ┌─ elab/relation-input-hint-out-of-bounds.watsup:4:14
  │
3 │ relation R: foo |- foo
  │             ---------- relation has 2 positions
4 │   hint(input %2)
  │              ^^

---
=== relation-iter-otherwise-premise.watsup ===
error[elab/premise-otherwise-iteration-unsupported]: cannot iterate an `otherwise` premise
  ┌─ elab/relation-iter-otherwise-premise.watsup:8:7
  │
8 │   -- (otherwise)*
  │       ^^^^^^^^^
  │
  = An `otherwise` premise selects one fallback path for the rule.

---
=== relation-iter-var-premise.watsup ===
error[elab/premise-variable-iteration-unsupported]: cannot iterate a `var` premise
   ┌─ elab/relation-iter-var-premise.watsup:10:7
   │
10 │   -- (var x : foo)*
   │       ^^^^^^^^^^^
   │
   = A variable premise declares its variable once for the rule.

---
=== relation-missing-rules.watsup ===
warning[elab/relation-rule-missing]: relation `Foo_ok` has no rules defined
  ┌─ elab/relation-missing-rules.watsup:6:1
  │  
6 │ ╭ relation Foo_ok: |- foo
7 │ │   hint(input %0)
  │ ╰────────────────^

---
=== relation-multiple-otherwise-premises.watsup ===
error[elab/premise-otherwise-repeated]: cannot use more than one `otherwise` premise
  ┌─ elab/relation-multiple-otherwise-premises.watsup:9:6
  │
8 │   -- otherwise
  │      --------- first `otherwise` premise here
9 │   -- otherwise
  │      ^^^^^^^^^

---
=== relation-negated-premise-on-output-relation.watsup ===
error[elab/premise-negated-output-unsupported]: negated rule premise for relation `R` cannot use output positions
   ┌─ elab/relation-negated-premise-on-output-relation.watsup:16:15
   │
 5 │ relation R: foo |- foo
   │                 -- relation signature with output positions here
   ·
16 │   -- R:/ 0 |- 0
   │               ^
   │
   = Rule premise negation is supported only for relations without outputs.

---
=== relation-no-input-hint.watsup ===
warning[elab/relation-input-hint-missing]: relation `Foo_ok` has no input hint
  ┌─ elab/relation-no-input-hint.watsup:3:1
  │
3 │ relation Foo_ok: |- foo
  │ ^^^^^^^^^^^^^^^^^^^

---
=== rule-multiple-otherwise-rules.watsup ===
error[elab/relation-rule-otherwise-repeated]: cannot use more than one `otherwise` rule in a rule group
   ┌─ elab/rule-multiple-otherwise-rules.watsup:10:3
   │    
 7 │   ╭   rule R/first:
 8 │   │     0 |- 0
 9 │   │     -- otherwise
   │   ╰────────────────' first `otherwise` rule here
10 │ ╭     rule R/second:
11 │ │       0 |- 0
12 │ │       -- otherwise
   │ ╰──────────────────^

---
=== rule-other-rule-before-otherwise.watsup ===
error[elab/relation-rule-otherwise-invalid]: an `otherwise` rule must be the only rule in its rule group
   ┌─ elab/rule-other-rule-before-otherwise.watsup:9:3
   │    
 7 │   ╭   rule R/regular:
 8 │   │     0 |- 0
   │   ╰──────────' other rule here
 9 │ ╭     rule R/fallback:
10 │ │       0 |- 0
11 │ │       -- otherwise
   │ ╰──────────────────^

---
=== rule-relation-mismatch.watsup ===
error[elab/relation-rule-group-name-mismatch]: rule belongs to relation `S`, but its enclosing rule group belongs to relation `R`
   ┌─ elab/rule-relation-mismatch.watsup:11:8
   │
 9 │ rulegroup R/group {
   │           - enclosing rule group names relation `R`
10 │ 
11 │   rule S/case:
   │        ^

---
=== table-function-parameter.watsup ===
error[elab/table-parameter-unsupported]: table parameter `key` must be a value parameter, but it is a function parameter
  ┌─ elab/table-function-parameter.watsup:1:17
  │
1 │ tbl dec $lookup(def $key : nat) : bool
  │                 ^^^^^^^^^^^^^^

---
=== table-missing-rows.watsup ===
warning[elab/table-row-missing]: table `lookup` has no rows defined
  ┌─ elab/table-missing-rows.watsup:1:1
  │
1 │ tbl dec $lookup(nat) : bool
  │ ^^^^^^^^^^^^^^^^^^^^^^^^^^^

---
=== table-non-bool-return.watsup ===
error[elab/table-return-type-invalid]: table `lookup` must return `bool`, but its return type is `nat`
  ┌─ elab/table-non-bool-return.watsup:7:24
  │
7 │ tbl dec $lookup(nat) : nat
  │                        ^^^

---
=== type-call-arg-arity-mismatch.watsup ===
error[elab/function-call-argument-arity-mismatch]: function `f` expects 2 arguments, but got 1
  ┌─ elab/type-call-arg-arity-mismatch.watsup:6:10
  │
3 │ dec $f(nat, nat) : nat
  │      -- function declared here
4 │ 
5 │ dec $g : nat
  │          --- return value of function '$g' expects 'nat'
6 │ def $g = $f(0)
  │          ^^^^^

---
=== type-call-targ-arity-mismatch.watsup ===
error[elab/function-call-type-argument-arity-mismatch]: function `f` expects 1 type argument, but got 2
  ┌─ elab/type-call-targ-arity-mismatch.watsup:6:18
  │
3 │ dec $f<T>(T) : T
  │      -- function declared here
4 │ 
5 │ dec $g : nat
  │          --- return value of function '$g' expects 'nat'
6 │ def $g = $f<nat, nat>(0)
  │                  ^^^

---
=== type-clause-arg-arity-mismatch.watsup ===
error[elab/function-clause-argument-arity-mismatch]: function `f` was declared with 1 parameter, but this clause has 2
  ┌─ elab/type-clause-arg-arity-mismatch.watsup:4:11
  │
3 │ dec $f(nat) : nat
  │      -- function declared here
4 │ def $f(x, y) = x
  │           ^

---
=== type-clause-tparam-mismatch.watsup ===
error[elab/function-clause-type-parameter-mismatch]: function `f` was declared with type parameters <T>, but this clause has type parameters <U, V>
  ┌─ elab/type-clause-tparam-mismatch.watsup:4:8
  │
3 │ dec $f<T> : nat
  │        - expected type parameters declared here
4 │ def $f<U, V> = 0
  │        ^^^^
  │
  = A function clause must repeat the declared type parameters with the same names and order.

---
=== type-dec-missing-clauses.watsup ===
warning[elab/function-clause-missing]: function `missing` has no clauses defined
  ┌─ elab/type-dec-missing-clauses.watsup:1:1
  │
1 │ dec $missing : nat
  │ ^^^^^^^^^^^^^^^^^^

---
=== type-define-extern.watsup ===
error[elab/type-definition-extern-unsupported]: extern type `opaque` does not allow a definition
  ┌─ elab/type-define-extern.watsup:2:8
  │
1 │ extern syntax opaque
  │               ------ extern type declared here
2 │ syntax opaque = nat
  │        ^^^^^^

---
=== type-extend-extern.watsup ===
error[elab/type-extension-extern-unsupported]: extension is not allowed for extern type `opaque`
  ┌─ elab/type-extend-extern.watsup:4:5
  │
1 │ extern syntax opaque
  │               ------ extern type declared here
  ·
4 │   | opaque
  │     ^^^^^^
  │
  = Extern types have no variant cases.

---
=== type-extend-forward-decl.watsup ===
error[elab/type-extension-incomplete]: extension is not allowed for incomplete type `incomplete`
  ┌─ elab/type-extend-forward-decl.watsup:7:5
  │
4 │ syntax incomplete
  │        ---------- originally declared here
  ·
7 │   | incomplete
  │     ^^^^^^^^^^
  │
  = The type has no body yet, so it has no variant cases to contribute.

---
=== type-extend-param.watsup ===
error[elab/type-extension-parameter-unsupported]: extension is not allowed for type parameter `T`
  ┌─ elab/type-extend-param.watsup:2:5
  │
1 │ syntax wrapper<T> =
  │                - type parameter declared here
2 │   | T
  │     ^
  │
  = Type parameters have no known variant cases.

---
=== type-extend-primitive.watsup ===
error[elab/type-extension-primitive-unsupported]: extension is not allowed for primitive type `bool`
  ┌─ elab/type-extend-primitive.watsup:2:5
  │
2 │   | bool
  │     ^^^^
  │
  = A primitive type has no variant cases to contribute.

---
=== type-extend-struct.watsup ===
error[elab/type-extension-struct-unsupported]: extension is not allowed for struct type `myStruct`
  ┌─ elab/type-extend-struct.watsup:7:5
  │
4 │ syntax myStruct = { X nat }
  │        -------- originally defined here
  ·
7 │   | myStruct
  │     ^^^^^^^^
  │
  = A case-line `| T` can extend a variant only with another variant's cases.

---
=== type-forward-tparam-mismatch.watsup ===
error[elab/type-parameter-mismatch]: type `foo` was forward-declared with no type parameters, but its definition has type parameters `<T>`
  ┌─ elab/type-forward-tparam-mismatch.watsup:5:12
  │
4 │ syntax foo
  │        --- forward declaration here
5 │ syntax foo<T> = T
  │            ^
  │
  = A type definition must repeat the declared type parameters with the same names and order.

---
=== type-funarg-expected-exp-got-fun.watsup ===
error[elab/function-argument-kind-mismatch]: expected an expression argument, but got a function argument
  ┌─ elab/type-funarg-expected-exp-got-fun.watsup:9:21
  │
6 │ dec $caller(nat) : nat
  │             --- parameter declared here
7 │ 
8 │ dec $main : nat
  │             --- return value of function '$main' expects 'nat'
9 │ def $main = $caller(def $g)
  │                     ^^^^^^

---
=== type-funarg-expected-fun-got-exp.watsup ===
error[elab/function-argument-kind-mismatch]: expected a function argument, but got an expression argument
  ┌─ elab/type-funarg-expected-fun-got-exp.watsup:8:21
  │
4 │ dec $caller(def $f(nat) : nat) : nat
  │             ----------------- parameter declared here
  ·
7 │ dec $main : nat
  │             --- return value of function '$main' expects 'nat'
8 │ def $main = $caller(0)
  │                     ^

---
=== type-funarg-name-mismatch.watsup ===
error[elab/function-argument-name-mismatch]: function argument `g` must have the same name as declared function parameter `expected`
  ┌─ elab/type-funarg-name-mismatch.watsup:5:18
  │
4 │ dec $caller(def $expected : nat) : nat
  │                  -------- function parameter declared here
5 │ def $caller(def $g) = 0
  │                  ^
  │
  = A function argument in a definition clause binds the name declared by its function parameter.

---
=== type-funarg-signature-mismatch.watsup ===
error[elab/function-argument-signature-mismatch]: passed function `h` must have the same signature as function parameter `f`
  ┌─ elab/type-funarg-signature-mismatch.watsup:6:21
  │
1 │ dec $h(text) : nat
  │      -- passed function declared here
2 │ 
3 │ dec $caller(def $f(nat) : nat) : nat
  │                  -- function parameter declared here
4 │ 
5 │ dec $main : nat
  │             --- return value of function '$main' expects 'nat'
6 │ def $main = $caller(def $h)
  │                     ^^^^^^
  │
  = A passed function must have the same number of type parameters, parameter types, and return type as its function parameter.

---
=== type-functyp-param-arity-mismatch.watsup ===
error[elab/function-argument-parameter-arity-mismatch]: function parameter `h` has 2 parameters, but passed function `g` has 1
  ┌─ elab/type-functyp-param-arity-mismatch.watsup:8:20
  │
4 │ dec $g(nat) : nat
  │      -- passed function declared here
5 │ dec $caller(def $h(nat, nat) : nat) : nat
  │                  -- function parameter declared here
6 │ 
7 │ dec $bad : nat
  │            --- return value of function '$bad' expects 'nat'
8 │ def $bad = $caller(def $g)
  │                    ^^^^^^
  │
  = A passed function must have the same number of type parameters, parameter types, and return type as its function parameter.

---
=== type-functyp-tparam-arity-mismatch.watsup ===
error[elab/function-argument-type-parameter-arity-mismatch]: function parameter `h` has 2 type parameters, but passed function `g` has 1
  ┌─ elab/type-functyp-tparam-arity-mismatch.watsup:8:20
  │
4 │ dec $g<T>(T) : T
  │      -- passed function declared here
5 │ dec $caller(def $h<U, V>(nat) : nat) : nat
  │                  -- function parameter declared here
6 │ 
7 │ dec $bad : nat
  │            --- return value of function '$bad' expects 'nat'
8 │ def $bad = $caller(def $g)
  │                    ^^^^^^
  │
  = A passed function must have the same number of type parameters, parameter types, and return type as its function parameter.

---
=== type-fuse-outside-hint.watsup ===
error[elab/fuse-outside-hint-unsupported]: token concatenation `#` is not allowed outside a hint
  ┌─ elab/type-fuse-outside-hint.watsup:5:12
  │
4 │ dec $f : nat
  │          --- return value of function '$f' expects 'nat'
5 │ def $f = 0 # 1
  │            ^
  │
  = The `#` operator joins rendered hint fragments without a space.

---
=== type-hole-outside-hint.watsup ===
error[elab/hole-outside-hint-unsupported]: hole is not allowed outside a hint
  ┌─ elab/type-hole-outside-hint.watsup:5:10
  │
4 │ dec $f : nat
  │          --- return value of function '$f' expects 'nat'
5 │ def $f = %0
  │          ^^
  │
  = A `%`, `%N`, `%%`, or `!%` marks an argument slot inside a `hint(...)` expression.

---
=== type-latex-outside-hint.watsup ===
error[elab/latex-outside-hint-unsupported]: LaTeX literals are not allowed outside a hint
  ┌─ elab/type-latex-outside-hint.watsup:5:10
  │
4 │ dec $f : nat
  │          --- return value of function '$f' expects 'nat'
5 │ def $f = %latex("hello")
  │          ^^^^^^^^^^^^^^^
  │
  = A `%latex("...")` literal embeds raw LaTeX only inside a hint.

---
=== type-missing-definition.watsup ===
warning[elab/type-definition-missing]: type `missing<T>` was declared but not defined
  ┌─ elab/type-missing-definition.watsup:1:8
  │
1 │ syntax missing<T>
  │        ^^^^^^^^

---
=== type-redeclared.watsup ===
error[elab/type-declaration-repeated]: type `foo` was already declared
  ┌─ elab/type-redeclared.watsup:2:8
  │
1 │ syntax foo
  │        --- first declared here
2 │ syntax foo
  │        ^^^

---
=== type-syn-invalid-id.watsup ===
error[elab/type-syntax-identifier-invalid]: type identifier `x_1` must not have a suffix
  ┌─ elab/type-syn-invalid-id.watsup:4:8
  │
4 │ syntax x_1
  │        ^^^

---
=== type-syn-tparam-duplicate.watsup ===
error[elab/type-parameter-repeated]: type parameter `U` is repeated
  ┌─ elab/type-syn-tparam-duplicate.watsup:1:18
  │
1 │ syntax foo<T, U, U, T>
  │               -  ^
  │               │   
  │               first declared here

---
=== type-typ-invalid-id.watsup ===
error[elab/type-identifier-invalid]: type identifier `x_1` must not have a suffix
  ┌─ elab/type-typ-invalid-id.watsup:4:8
  │
4 │ syntax x_1 = nat
  │        ^^^

---
=== type-typ-invalid-tparam.watsup ===
error[elab/type-parameter-identifier-invalid]: type parameter identifier `T_1` must not have a suffix
  ┌─ elab/type-typ-invalid-tparam.watsup:4:12
  │
4 │ syntax foo<T_1> = nat
  │            ^^^

---
=== type-undefined-syntax.watsup ===
error[elab/type-undefined]: type `nope` is undefined
  ┌─ elab/type-undefined-syntax.watsup:3:23
  │
3 │ syntax wrapper = wrap<nope>
  │                       ^^^^

---
=== type-unparen-outside-hint.watsup ===
error[elab/unparen-outside-hint-unsupported]: unparenthesizing operator `##` is not allowed outside a hint
  ┌─ elab/type-unparen-outside-hint.watsup:5:10
  │
4 │ dec $f : nat
  │          --- return value of function '$f' expects 'nat'
5 │ def $f = ## 0
  │          ^^^^
  │
  = The `##` operator strips parentheses only while rendering a hint.

---
=== type-variant-mixop-collision.watsup ===
error[elab/variant-case-shape-repeated]: variant case shape `FOO %` conflicts with an earlier case
  ┌─ elab/type-variant-mixop-collision.watsup:6:5
  │
5 │   | FOO nat
  │     --- earlier case with this shape
6 │   | FOO int
  │     ^^^
  │
  = Variant cases must differ in literal tokens or argument positions; argument types do not distinguish cases.

---
=== type-vart-targ-arity-mismatch.watsup ===
error[elab/type-argument-arity-mismatch]: type `foo` expects 1 type argument, but got 0
  ┌─ elab/type-vart-targ-arity-mismatch.watsup:5:14
  │
3 │ syntax foo<T> = T
  │        ---- type declared here
4 │ 
5 │ syntax bar = foo
  │              ^^^

---
=== notation-argument-type.watsup ===
error[elab/notation-argument-type-mismatch]: argument 0 of relation 'F' expects 'nat', but found 'bool'
  ┌─ elab/notation-argument-type.watsup:4:9
  │
1 │ relation F: nat |- int : int
  │             --- argument 0 of relation 'F' expects 'nat'
  ·
4 │   -- F: true |- 0 : -1
  │         ^^^^

---
=== notation-shape.watsup ===
error[elab/notation-shape-mismatch]: expression does not match notation of relation 'F'
  ┌─ elab/notation-shape.watsup:4:14
  │
1 │ relation F: nat |- int : int
  │             ---------------- notation declared here
  ·
4 │   -- F: 1 |- 9
  │              ^
  │
  = expected notation: nat |- int : int

---
=== notation-negative-valid.watsup ===
---
=== notation-implication-shape.watsup ===
error[elab/notation-shape-mismatch]: expression does not match notation of relation 'F'
  ┌─ elab/notation-implication-shape.watsup:4:9
  │
1 │ relation F: nat |- int : int
  │             ---------------- notation declared here
  ·
4 │   -- F: 1 |- 0 => -1
  │         ^^^^^^^^^^^^
  │
  = expected notation: nat |- int : int

---
=== notation-token.watsup ===
error[elab/notation-token-mismatch]: expected ':', but found ';'
  ┌─ elab/notation-token.watsup:4:11
  │
1 │ relation F: nat : int
  │                 - expected token declared here
  ·
4 │   -- F: 1 ; -1
  │           ^ unexpected token
  │
  = expected notation of relation 'F': nat : int

---
=== notation-argument-third.watsup ===
error[elab/notation-argument-type-mismatch]: argument 2 of relation 'F' expects 'int', but found 'bool'
  ┌─ elab/notation-argument-third.watsup:4:18
  │
1 │ relation F: nat |- int : int
  │                          --- argument 2 of relation 'F' expects 'int'
  ·
4 │   -- F: 1 |- 0 : true
  │                  ^^^^

---
=== notation-argument-inner.watsup ===
error[elab/function-undefined]: function `missing` is undefined
  ┌─ elab/notation-argument-inner.watsup:4:19
  │
1 │ relation F: nat |- int : int
  │                          --- argument 2 of relation 'F' expects 'int'
  ·
4 │   -- F: 1 |- 0 : $missing()
  │                   ^^^^^^^^

---
=== notation-argument-operator.watsup ===
error[elab/operator-unop-type-mismatch]: operator '-' is not defined for 'bool'
  ┌─ elab/notation-argument-operator.watsup:4:19
  │
1 │ relation F: nat |- int : int
  │                          --- argument 2 of relation 'F' expects 'int'
  ·
4 │   -- F: 1 |- 0 : -true
  │                   ^^^^ operand has type 'bool'

---
=== notation-parenthesized-valid.watsup ===
---
=== notation-sequence-token.watsup ===
error[elab/notation-token-mismatch]: expected ':', but found '=>'
  ┌─ elab/notation-sequence-token.watsup:4:11
  │
1 │ relation F: nat ':' int
  │                 --- expected token declared here
  ·
4 │   -- F: 1 '=>' (-1)
  │           ^^^^ unexpected token
  │
  = expected notation of relation 'F': nat ':' int

---
=== notation-sequence-arity.watsup ===
error[elab/notation-shape-mismatch]: expression does not match notation of relation 'F'
  ┌─ elab/notation-sequence-arity.watsup:4:9
  │
1 │ relation F: nat A int B bool
  │             ---------------- notation declared here
  ·
4 │   -- F: 1 A 0
  │         ^^^^^
  │
  = expected notation: nat A int B bool

---
=== notation-bracket-token.watsup ===
error[elab/notation-token-mismatch]: expected '}', but found ']'
  ┌─ elab/notation-bracket-token.watsup:4:15
  │
1 │ relation F: '{' nat '}'
  │                     --- expected token declared here
  ·
4 │   -- F: '{' 1 ']'
  │               ^^^ unexpected token
  │
  = expected notation of relation 'F': '{' nat '}'

---
=== notation-variant-type.watsup ===
error[elab/notation-argument-type-mismatch]: argument 0 of notation expects 'nat', but found 'bool'
  ┌─ elab/notation-variant-type.watsup:3:15
  │
1 │ syntax choice = TAG nat
  │                     --- argument 0 of notation expects 'nat'
2 │ dec $take(choice) : bool
  │           ------ argument 0 of function '$take' expects 'choice'
3 │ def $take(TAG true) = true
  │               ^^^^

---
=== notation-variant-fallback-valid.watsup ===
---
=== notation-negated-type.watsup ===
error[elab/notation-argument-type-mismatch]: argument 0 of relation 'F' expects 'nat', but found 'bool'
  ┌─ elab/notation-negated-type.watsup:4:10
  │
1 │ relation F: nat |- int : int
  │             --- argument 0 of relation 'F' expects 'nat'
  ·
4 │   -- F:/ true |- 0 : -1
  │          ^^^^

---
=== notation-conclusion-type.watsup ===
error[elab/notation-argument-type-mismatch]: argument 0 of relation 'F' expects 'nat', but found 'bool'
  ┌─ elab/notation-conclusion-type.watsup:3:14
  │
1 │ relation F: nat |- int : int
  │             --- argument 0 of relation 'F' expects 'nat'
2 │   hint(input %0 %1 %2)
3 │ rule F/base: true |- 0 : -1
  │              ^^^^

---
=== notation-alias-inner.watsup ===
error[elab/operator-unop-type-mismatch]: operator '-' is not defined for 'bool'
  ┌─ elab/notation-alias-inner.watsup:4:15
  │
2 │ relation F: foo |- bool
  │             --- argument 0 of relation 'F' expects 'foo'
3 │   hint(input %0 %1)
4 │ rule F/base: -true |- true
  │               ^^^^ operand has type 'bool'

---
=== notation-iteration-inner.watsup ===
error[elab/operator-unop-type-mismatch]: operator '-' is not defined for 'bool'
  ┌─ elab/notation-iteration-inner.watsup:3:15
  │
1 │ relation F: nat* |- bool
  │             ---- argument 0 of relation 'F' expects 'nat*'
2 │   hint(input %0 %1)
3 │ rule F/base: -true |- true
  │               ^^^^ operand has type 'bool'

---
=== notation-iteration-type.watsup ===
error[elab/notation-argument-type-mismatch]: argument 0 of relation 'F' expects 'nat*', but found 'bool'
  ┌─ elab/notation-iteration-type.watsup:3:14
  │
1 │ relation F: nat* |- bool
  │             ---- argument 0 of relation 'F' expects 'nat*'
2 │   hint(input %0 %1)
3 │ rule F/base: true |- true
  │              ^^^^

---
=== notation-list-inner.watsup ===
error[elab/operator-unop-type-mismatch]: operator '-' is not defined for 'bool'
  ┌─ elab/notation-list-inner.watsup:3:16
  │
1 │ relation F: nat* |- bool
  │             ---- argument 0 of relation 'F' expects 'nat*'
2 │   hint(input %0 %1)
3 │ rule F/base: [-true] |- true
  │                ^^^^ operand has type 'bool'

---
=== notation-bracket-shape.watsup ===
error[elab/notation-token-mismatch]: expected '`(', but found '`['
  ┌─ elab/notation-bracket-shape.watsup:3:14
  │
1 │ relation F: `( nat `)
  │             -- expected token declared here
2 │   hint(input %0)
3 │ rule F/base: `[ 1 `]
  │              ^^ unexpected token
  │
  = expected notation of relation 'F': `( nat `)

---
=== notation-singleton-variant-inner.watsup ===
error[elab/notation-argument-type-mismatch]: argument 0 of notation expects 'nat', but found 'bool'
  ┌─ elab/notation-singleton-variant-inner.watsup:4:18
  │
1 │ syntax choice = TAG nat
  │                     --- argument 0 of notation expects 'nat'
2 │ relation F: choice* |- bool
  │             ------- argument 0 of relation 'F' expects 'choice*'
3 │   hint(input %0 %1)
4 │ rule F/base: TAG true |- true
  │                  ^^^^

---
=== notation-singleton-valid.watsup ===
---
=== notation-list-valid.watsup ===
---
=== notation-empty-valid.watsup ===
---
=== notation-singleton-tuple-inner.watsup ===
error[elab/operator-unop-type-mismatch]: operator '-' is not defined for 'bool'
  ┌─ elab/notation-singleton-tuple-inner.watsup:3:16
  │
1 │ relation F: (nat, nat)* |- bool
  │             ----------- argument 0 of relation 'F' expects '(nat, nat)*'
2 │   hint(input %0 %1)
3 │ rule F/base: (-true, 1) |- true
  │                ^^^^ operand has type 'bool'

---
=== notation-sequence-type.watsup ===
error[elab/notation-argument-type-mismatch]: argument 1 of relation 'F' expects 'int', but found 'bool'
  ┌─ elab/notation-sequence-type.watsup:3:24
  │
1 │ relation F: TAG nat END int
  │                         --- argument 1 of relation 'F' expects 'int'
2 │   hint(input %0 %1)
3 │ rule F/base: TAG 1 END true
  │                        ^^^^

---
=== notation-option-list-inner.watsup ===
error[elab/operator-unop-type-mismatch]: operator '-' is not defined for 'bool'
  ┌─ elab/notation-option-list-inner.watsup:3:16
  │
1 │ relation F: nat? |- bool
  │             ---- argument 0 of relation 'F' expects 'nat?'
2 │   hint(input %0 %1)
3 │ rule F/base: [-true] |- true
  │                ^^^^ operand has type 'bool'

---
=== notation-alias-list-inner.watsup ===
error[elab/operator-unop-type-mismatch]: operator '-' is not defined for 'bool'
  ┌─ elab/notation-alias-list-inner.watsup:4:16
  │
2 │ relation F: foo |- bool
  │             --- argument 0 of relation 'F' expects 'foo'
3 │   hint(input %0 %1)
4 │ rule F/base: [-true] |- true
  │                ^^^^ operand has type 'bool'

---
=== function-return-type.watsup ===
error[elab/function-return-type-mismatch]: return value of function '$f' expects 'nat', but found 'bool'
  ┌─ elab/function-return-type.watsup:2:10
  │
1 │ dec $f : nat
  │          --- return value of function '$f' expects 'nat'
2 │ def $f = true
  │          ^^^^

---
=== function-argument-type.watsup ===
error[elab/function-argument-type-mismatch]: argument 0 of function '$f' expects 'nat', but found 'bool'
  ┌─ elab/function-argument-type.watsup:3:13
  │
1 │ dec $f(nat) : nat
  │        --- argument 0 of function '$f' expects 'nat'
2 │ dec $g : nat
  │          --- return value of function '$g' expects 'nat'
3 │ def $g = $f(true)
  │             ^^^^

---
=== function-argument-second.watsup ===
error[elab/function-argument-type-mismatch]: argument 1 of function '$f' expects 'int', but found 'bool'
  ┌─ elab/function-argument-second.watsup:3:16
  │
1 │ dec $f(nat, int) : nat
  │             --- argument 1 of function '$f' expects 'int'
2 │ dec $g : nat
  │          --- return value of function '$g' expects 'nat'
3 │ def $g = $f(1, false)
  │                ^^^^^

---
=== function-argument-polymorphic.watsup ===
error[elab/function-argument-type-mismatch]: argument 0 of function '$f' expects 'nat', but found 'bool'
  ┌─ elab/function-argument-polymorphic.watsup:3:18
  │
1 │ dec $f<T>(T) : T
  │           - argument 0 of function '$f' expects 'nat'
2 │ dec $g : nat
  │          --- return value of function '$g' expects 'nat'
3 │ def $g = $f<nat>(true)
  │                  ^^^^

---
=== function-clause-argument-type.watsup ===
error[elab/function-argument-type-mismatch]: argument 0 of function '$f' expects 'nat', but found 'bool'
  ┌─ elab/function-clause-argument-type.watsup:2:8
  │
1 │ dec $f(nat) : nat
  │        --- argument 0 of function '$f' expects 'nat'
2 │ def $f(true) = 0
  │        ^^^^

---
=== function-return-inner.watsup ===
error[elab/function-undefined]: function `missing` is undefined
  ┌─ elab/function-return-inner.watsup:2:11
  │
1 │ dec $f : nat
  │          --- return value of function '$f' expects 'nat'
2 │ def $f = $missing()
  │           ^^^^^^^^

---
=== function-argument-inner.watsup ===
error[elab/function-undefined]: function `missing` is undefined
  ┌─ elab/function-argument-inner.watsup:3:14
  │
1 │ dec $f(nat) : nat
  │        --- argument 0 of function '$f' expects 'nat'
2 │ dec $g : nat
  │          --- return value of function '$g' expects 'nat'
3 │ def $g = $f($missing())
  │              ^^^^^^^^

---
=== function-argument-nested.watsup ===
error[elab/function-argument-type-mismatch]: argument 0 of function '$g' expects 'nat', but found 'bool'
  ┌─ elab/function-argument-nested.watsup:4:16
  │
1 │ dec $f(nat) : nat
  │        --- argument 0 of function '$f' expects 'nat'
2 │ dec $g(nat) : nat
  │        --- argument 0 of function '$g' expects 'nat'
3 │ dec $h : nat
  │          --- return value of function '$h' expects 'nat'
4 │ def $h = $f($g(true))
  │                ^^^^

---
=== function-table-return-type.watsup ===
error[elab/function-return-type-mismatch]: return value of function '$f' expects 'bool', but found 'nat'
  ┌─ elab/function-table-return-type.watsup:3:10
  │
1 │ tbl dec $f(nat) : bool
  │                   ---- return value of function '$f' expects 'bool'
2 │ tbl def $f =
3 │   | 0 => 1
  │          ^

---
=== function-table-argument-type.watsup ===
error[elab/function-argument-type-mismatch]: argument 0 of function '$f' expects 'nat', but found 'bool'
  ┌─ elab/function-table-argument-type.watsup:3:5
  │
1 │ tbl dec $f(nat) : bool
  │            --- argument 0 of function '$f' expects 'nat'
2 │ tbl def $f =
3 │   | true => false
  │     ^^^^

---
=== function-types-valid.watsup ===
---
=== function-return-alias.watsup ===
error[elab/function-return-type-mismatch]: return value of function '$f' expects 'n', but found 'bool'
  ┌─ elab/function-return-alias.watsup:3:10
  │
2 │ dec $f : n
  │          - return value of function '$f' expects 'n'
3 │ def $f = true
  │          ^^^^

---
=== function-argument-recursive.watsup ===
error[elab/function-argument-type-mismatch]: argument 0 of function '$f' expects 'nat', but found 'bool'
  ┌─ elab/function-argument-recursive.watsup:2:19
  │
1 │ dec $f(nat) : nat
  │        ---    --- return value of function '$f' expects 'nat'
  │        │       
  │        argument 0 of function '$f' expects 'nat'
2 │ def $f(_) = $f($f(true))
  │                   ^^^^

---
=== function-argument-list-inner.watsup ===
error[elab/expression-cast-invalid]: expected 'nat', but found 'bool'
  ┌─ elab/function-argument-list-inner.watsup:3:17
  │
1 │ dec $f(nat*) : nat
  │        ---- argument 0 of function '$f' expects 'nat*'
2 │ dec $g : nat
  │          --- return value of function '$g' expects 'nat'
3 │ def $g = $f([_, true])
  │                 ^^^^

---
=== function-argument-tuple-inner.watsup ===
error[elab/expression-cast-invalid]: expected 'nat', but found 'bool'
  ┌─ elab/function-argument-tuple-inner.watsup:3:17
  │
1 │ dec $f((nat, nat)) : nat
  │        ---------- argument 0 of function '$f' expects '(nat, nat)'
2 │ dec $g : nat
  │          --- return value of function '$g' expects 'nat'
3 │ def $g = $f((_, true))
  │                 ^^^^

---
=== function-return-list-inner.watsup ===
error[elab/expression-cast-invalid]: expected 'nat', but found 'bool'
  ┌─ elab/function-return-list-inner.watsup:2:14
  │
1 │ dec $f : nat*
  │          ---- return value of function '$f' expects 'nat*'
2 │ def $f = [_, true]
  │              ^^^^

---
=== operator-unary-type.watsup ===
error[elab/operator-unop-type-mismatch]: operator '-' is not defined for 'bool'
  ┌─ elab/operator-unary-type.watsup:2:11
  │
1 │ dec $f : nat
  │          --- return value of function '$f' expects 'nat'
2 │ def $f = -true
  │           ^^^^ operand has type 'bool'

---
=== operator-not-type.watsup ===
error[elab/operator-unop-type-mismatch]: operator '~' is not defined for 'nat'
  ┌─ elab/operator-not-type.watsup:2:11
  │
1 │ dec $f : bool
  │          ---- return value of function '$f' expects 'bool'
2 │ def $f = ~1
  │           ^ operand has type 'nat'

---
=== operator-binary-left-type.watsup ===
error[elab/operator-binop-type-mismatch]: operator '+' is not defined for 'bool' and 'nat'
  ┌─ elab/operator-binary-left-type.watsup:2:10
  │
1 │ dec $f : nat
  │          --- return value of function '$f' expects 'nat'
2 │ def $f = true + 1
  │          ^^^^   ^ right operand has type 'nat'
  │          │       
  │          left operand has type 'bool'

---
=== operator-binary-right-type.watsup ===
error[elab/operator-binop-type-mismatch]: operator '+' is not defined for 'nat' and 'bool'
  ┌─ elab/operator-binary-right-type.watsup:2:10
  │
1 │ dec $f : nat
  │          --- return value of function '$f' expects 'nat'
2 │ def $f = 1 + false
  │          ^   ^^^^^ right operand has type 'bool'
  │          │    
  │          left operand has type 'nat'

---
=== operator-logical-type.watsup ===
error[elab/operator-binop-type-mismatch]: operator '/\' is not defined for 'bool' and 'nat'
  ┌─ elab/operator-logical-type.watsup:2:10
  │
1 │ dec $f : bool
  │          ---- return value of function '$f' expects 'bool'
2 │ def $f = true /\ 1
  │          ^^^^    ^ right operand has type 'nat'
  │          │        
  │          left operand has type 'bool'

---
=== operator-comparison-type.watsup ===
error[elab/operator-cmpop-type-mismatch]: operator '<' is not defined for 'bool' and 'nat'
  ┌─ elab/operator-comparison-type.watsup:2:12
  │
1 │ dec $f : bool
  │          ---- return value of function '$f' expects 'bool'
2 │ def $f = $(true < 1)
  │            ^^^^   ^ right operand has type 'nat'
  │            │       
  │            left operand has type 'bool'

---
=== operator-argument-type.watsup ===
error[elab/operator-binop-type-mismatch]: operator '+' is not defined for 'bool' and 'nat'
  ┌─ elab/operator-argument-type.watsup:3:16
  │
1 │ dec $take(nat) : nat
  │           --- argument 0 of function '$take' expects 'nat'
2 │ dec $f : nat
  │          --- return value of function '$f' expects 'nat'
3 │ def $f = $take(true + 1)
  │                ^^^^   ^ right operand has type 'nat'
  │                │       
  │                left operand has type 'bool'

---
=== operator-inner-cause.watsup ===
error[elab/function-undefined]: function `missing` is undefined
  ┌─ elab/operator-inner-cause.watsup:2:15
  │
1 │ dec $f : nat
  │          --- return value of function '$f' expects 'nat'
2 │ def $f = 1 + $missing()
  │               ^^^^^^^^

---
=== operator-types-valid.watsup ===
---
=== struct-field-count.watsup ===
error[elab/struct-field-arity-mismatch]: expected 2 struct fields, but found 1
  ┌─ elab/struct-field-count.watsup:3:10
  │
1 │ syntax record = { COUNT nat, FLAG bool }
  │                 ------------------------ struct declared here
2 │ dec $f : record
  │          ------ return value of function '$f' expects 'record'
3 │ def $f = { COUNT 1 }
  │          ^^^^^^^^^^^
  │
  = expected fields in declaration order: COUNT, FLAG

---
=== struct-field-extra.watsup ===
error[elab/struct-field-arity-mismatch]: expected 1 struct field, but found 2
  ┌─ elab/struct-field-extra.watsup:3:10
  │
1 │ syntax record = { COUNT nat }
  │                 ------------- struct declared here
2 │ dec $f : record
  │          ------ return value of function '$f' expects 'record'
3 │ def $f = { COUNT 1, FLAG true }
  │          ^^^^^^^^^^^^^^^^^^^^^^
  │
  = expected fields in declaration order: COUNT

---
=== struct-field-name.watsup ===
error[elab/struct-field-name-mismatch]: expected field 'COUNT', but found 'VALUE'
  ┌─ elab/struct-field-name.watsup:3:12
  │
1 │ syntax record = { COUNT nat }
  │                   ----- expected field declared here
2 │ dec $f : record
  │          ------ return value of function '$f' expects 'record'
3 │ def $f = { VALUE 1 }
  │            ^^^^^ unexpected field
  │
  = Struct fields must appear in declaration order.

---
=== struct-field-order.watsup ===
error[elab/struct-field-name-mismatch]: expected field 'COUNT', but found 'FLAG'
  ┌─ elab/struct-field-order.watsup:3:12
  │
1 │ syntax record = { COUNT nat, FLAG bool }
  │                   ----- expected field declared here
2 │ dec $f : record
  │          ------ return value of function '$f' expects 'record'
3 │ def $f = { FLAG true, COUNT 1 }
  │            ^^^^ unexpected field
  │
  = Struct fields must appear in declaration order.

---
=== struct-field-type.watsup ===
error[elab/struct-field-type-mismatch]: field 'COUNT' expects 'nat', but found 'bool'
  ┌─ elab/struct-field-type.watsup:3:18
  │
1 │ syntax record = { COUNT nat }
  │                         --- field 'COUNT' expects 'nat'
2 │ dec $f : record
  │          ------ return value of function '$f' expects 'record'
3 │ def $f = { COUNT true }
  │                  ^^^^

---
=== struct-field-polymorphic.watsup ===
error[elab/struct-field-type-mismatch]: field 'VALUE' expects 'nat', but found 'bool'
  ┌─ elab/struct-field-polymorphic.watsup:3:18
  │
1 │ syntax record<T> = { VALUE T }
  │                            - field 'VALUE' expects 'nat'
2 │ dec $f : record<nat>
  │          ----------- return value of function '$f' expects 'record<nat>'
3 │ def $f = { VALUE true }
  │                  ^^^^

---
=== struct-field-inner.watsup ===
error[elab/expression-cast-invalid]: expected 'nat', but found 'bool'
  ┌─ elab/struct-field-inner.watsup:3:23
  │
1 │ syntax record = { COUNT nat* }
  │                         ---- field 'COUNT' expects 'nat*'
2 │ dec $f : record
  │          ------ return value of function '$f' expects 'record'
3 │ def $f = { COUNT ([_, true]) }
  │                       ^^^^

---
=== struct-field-undefined.watsup ===
error[elab/struct-field-undefined]: type 'record' has no field 'MISSING'
  ┌─ elab/struct-field-undefined.watsup:3:24
  │
1 │ syntax record = { COUNT nat, FLAG bool }
  │                 ------------------------ struct declared here
2 │ dec $f(record) : nat
  │                  --- return value of function '$f' expects 'nat'
3 │ def $f(record) = record.MISSING
  │                        ^^^^^^^^ unknown field
  │
  = available fields: COUNT, FLAG

---
=== struct-update-field-undefined.watsup ===
error[elab/struct-field-undefined]: type 'record' has no field 'MISSING'
  ┌─ elab/struct-update-field-undefined.watsup:3:25
  │
1 │ syntax record = { COUNT nat, FLAG bool }
  │                 ------------------------ struct declared here
2 │ dec $f(record) : record
  │                  ------ return value of function '$f' expects 'record'
3 │ def $f(record) = record[.MISSING = 1]
  │                         ^^^^^^^^ unknown field
  │
  = available fields: COUNT, FLAG

---
=== struct-nested-field-undefined.watsup ===
error[elab/struct-field-undefined]: type 'inner' has no field 'MISSING'
  ┌─ elab/struct-nested-field-undefined.watsup:4:29
  │
1 │ syntax inner = { COUNT nat }
  │                ------------- struct declared here
2 │ syntax outer = { INNER inner }
3 │ dec $f(outer) : outer
  │                 ----- return value of function '$f' expects 'outer'
4 │ def $f(outer) = outer[.INNER.MISSING = 1]
  │                             ^^^^^^^^ unknown field
  │
  = available fields: COUNT

---
=== struct-types-valid.watsup ===
---
=== struct-polymorphic-valid.watsup ===
---
=== struct-field-alias.watsup ===
error[elab/struct-field-type-mismatch]: field 'COUNT' expects 'count', but found 'bool'
  ┌─ elab/struct-field-alias.watsup:4:18
  │
2 │ syntax record = { COUNT count }
  │                         ----- field 'COUNT' expects 'count'
3 │ dec $f : record
  │          ------ return value of function '$f' expects 'record'
4 │ def $f = { COUNT true }
  │                  ^^^^

---
=== struct-field-fatal.watsup ===
error[elab/function-undefined]: function `missing` is undefined
  ┌─ elab/struct-field-fatal.watsup:3:19
  │
1 │ syntax record = { COUNT nat }
  │                         --- field 'COUNT' expects 'nat'
2 │ dec $f : record
  │          ------ return value of function '$f' expects 'record'
3 │ def $f = { COUNT $missing }
  │                   ^^^^^^^

---
=== tuple-arity.watsup ===
error[elab/tuple-arity-mismatch]: expected 3 tuple elements, but found 2
  ┌─ elab/tuple-arity.watsup:2:10
  │
1 │ dec $f : (nat, nat, nat)
  │          --------------- return value of function '$f' expects '(nat, nat, nat)'
2 │ def $f = (1, 2)
  │          ^^^^^^

---
=== tuple-arity-contextual.watsup ===
error[elab/tuple-arity-mismatch]: expected 3 tuple elements, but found 2
  ┌─ elab/tuple-arity-contextual.watsup:2:10
  │
1 │ dec $f : (nat, nat, nat)
  │          --------------- return value of function '$f' expects '(nat, nat, nat)'
2 │ def $f = (_, 2)
  │          ^^^^^^

---
=== tuple-arity-extra.watsup ===
error[elab/tuple-arity-mismatch]: expected 2 tuple elements, but found 3
  ┌─ elab/tuple-arity-extra.watsup:2:10
  │
1 │ dec $f : (nat, nat)
  │          ---------- return value of function '$f' expects '(nat, nat)'
2 │ def $f = (1, 2, 3)
  │          ^^^^^^^^^

---
=== tuple-arity-alias.watsup ===
error[elab/tuple-arity-mismatch]: expected 3 tuple elements, but found 2
  ┌─ elab/tuple-arity-alias.watsup:3:10
  │
2 │ dec $f : triple
  │          ------ return value of function '$f' expects 'triple'
3 │ def $f = (1, 2)
  │          ^^^^^^

---
=== tuple-types-valid.watsup ===
---
=== list-element-type.watsup ===
error[elab/list-element-type-mismatch]: list element 1 has type 'bool', but element 0 has type 'nat'
  ┌─ elab/list-element-type.watsup:2:14
  │
1 │ dec $f : bool
  │          ---- return value of function '$f' expects 'bool'
2 │ def $f = [1, true]
  │           -  ^^^^ element 1 has type 'bool'
  │           │   
  │           element 0 has type 'nat'

---
=== list-element-third.watsup ===
error[elab/list-element-type-mismatch]: list element 2 has type 'bool', but element 0 has type 'nat'
  ┌─ elab/list-element-third.watsup:2:17
  │
1 │ dec $f : bool
  │          ---- return value of function '$f' expects 'bool'
2 │ def $f = [1, 2, true]
  │           -     ^^^^ element 2 has type 'bool'
  │           │      
  │           element 0 has type 'nat'

---
=== list-element-contextual.watsup ===
error[elab/expression-cast-invalid]: expected 'nat', but found 'bool'
  ┌─ elab/list-element-contextual.watsup:2:14
  │
1 │ dec $f : nat*
  │          ---- return value of function '$f' expects 'nat*'
2 │ def $f = [1, true]
  │              ^^^^

---
=== list-element-fatal.watsup ===
error[elab/function-undefined]: function `missing` is undefined
  ┌─ elab/list-element-fatal.watsup:2:15
  │
1 │ dec $f : nat*
  │          ---- return value of function '$f' expects 'nat*'
2 │ def $f = [1, $missing]
  │               ^^^^^^^

---
=== list-types-valid.watsup ===
---
=== tuple-arity-inferred-alias.watsup ===
error[elab/tuple-arity-mismatch]: expected 3 tuple elements, but found 2
  ┌─ elab/tuple-arity-inferred-alias.watsup:4:16
  │
3 │ dec $f(pair) : triple
  │                ------ return value of function '$f' expects 'triple'
4 │ def $f(pair) = pair
  │                ^^^^

---
=== tuple-arity-parenthesized.watsup ===
error[elab/tuple-arity-mismatch]: expected 3 tuple elements, but found 2
  ┌─ elab/tuple-arity-parenthesized.watsup:2:11
  │
1 │ dec $f : (nat, nat, nat)
  │          --------------- return value of function '$f' expects '(nat, nat, nat)'
2 │ def $f = ((_, 2))
  │           ^^^^^^

---
=== struct-field-tuple-arity.watsup ===
error[elab/tuple-arity-mismatch]: expected 3 tuple elements, but found 2
  ┌─ elab/struct-field-tuple-arity.watsup:3:20
  │
1 │ syntax record = { VALUES (nat, nat, nat) }
  │                          --------------- field 'VALUES' expects '(nat, nat, nat)'
2 │ dec $f : record
  │          ------ return value of function '$f' expects 'record'
3 │ def $f = { VALUES ((_, 2)) }
  │                    ^^^^^^

---
=== tuple-arity-fatal.watsup ===
error[elab/function-undefined]: function `missing` is undefined
  ┌─ elab/tuple-arity-fatal.watsup:2:12
  │
1 │ dec $f : (nat, nat, nat)
  │          --------------- return value of function '$f' expects '(nat, nat, nat)'
2 │ def $f = ($missing, 2)
  │            ^^^^^^^

---
=== list-concat-inner.watsup ===
note: expression elaboration failed
  ┌─ elab/list-concat-inner.watsup:2:10
  │
2 │ def $f = eps ++ MISSING
  │          --------------

trace[0]:
error[elab/expression-inference-invalid]: cannot infer type of atom
  ┌─ elab/list-concat-inner.watsup:2:17
  │
1 │ dec $f : nat*
  │          ---- return value of function '$f' expects 'nat*'
2 │ def $f = eps ++ MISSING
  │                 ^^^^^^^

trace[0]:
error[elab/type-shape-mismatch]: cannot destruct type as an iteration
  ┌─ elab/list-concat-inner.watsup:2:10
  │
1 │ dec $f : nat*
  │          ---- return value of function '$f' expects 'nat*'
2 │ def $f = eps ++ MISSING
  │          ^^^

---
=== notation-variant-operator-inner.watsup ===
error[elab/operator-unop-type-mismatch]: operator '-' is not defined for 'bool'
  ┌─ elab/notation-variant-operator-inner.watsup:3:11
  │
2 │ dec $f : choice
  │          ------ return value of function '$f' expects 'choice'
3 │ def $f = -true
  │           ^^^^ operand has type 'bool'

---
=== struct-nonliteral-variable-inner.watsup ===
error[elab/expression-inference-invalid]: cannot infer type of variable
  ┌─ elab/struct-nonliteral-variable-inner.watsup:3:10
  │
2 │ dec $f : record
  │          ------ return value of function '$f' expects 'record'
3 │ def $f = missing
  │          ^^^^^^^

---
=== struct-nonliteral-atom-inner.watsup ===
error[elab/expression-inference-invalid]: cannot infer type of atom
  ┌─ elab/struct-nonliteral-atom-inner.watsup:3:10
  │
2 │ dec $f : record
  │          ------ return value of function '$f' expects 'record'
3 │ def $f = BAD
  │          ^^^

---
=== notation-variant-variable-inner.watsup ===
error[elab/expression-inference-invalid]: cannot infer type of variable
  ┌─ elab/notation-variant-variable-inner.watsup:3:10
  │
2 │ dec $f : choice
  │          ------ return value of function '$f' expects 'choice'
3 │ def $f = missing
  │          ^^^^^^^

---
