ambiguous_variant.watsup	"variant cases are ambiguous at p4spec-rust/test-driver/inputs/elab/ambiguous_variant.watsup:2.1-3.9"
dimension_mismatch.watsup	"mismatched iteration dimensions for identifier `K_x`: K* vs K? at p4spec-rust/test-driver/inputs/elab/dimension_mismatch.watsup:2.30-2.33"
duplicate_metavariable.watsup	"meta-variable `x` was already defined at p4spec-rust/test-driver/inputs/elab/duplicate_metavariable.watsup:2.5-2.6"
duplicate_type_parameter.watsup	"type `T` was already defined at p4spec-rust/test-driver/inputs/elab/duplicate_type_parameter.watsup:1.21-1.22"
forward_type_parameter_mismatch.watsup	"type parameters do not match at p4spec-rust/test-driver/inputs/elab/forward_type_parameter_mismatch.watsup:2.8-2.12"
incomparable_subtype.watsup	"- expression elaboration failed at p4spec-rust/test-driver/inputs/elab/incomparable_subtype.watsup:2.18-2.31\n  - expression elaboration failed at p4spec-rust/test-driver/inputs/elab/incomparable_subtype.watsup:2.19-2.30\n    - expression requires unsupported contextual elaboration at p4spec-rust/test-driver/inputs/elab/incomparable_subtype.watsup:2.19-2.30"
invalid_cast.watsup	"- expression elaboration failed at p4spec-rust/test-driver/inputs/elab/invalid_cast.watsup:2.16-2.20\n  - cannot cast inferred expression to expected type at p4spec-rust/test-driver/inputs/elab/invalid_cast.watsup:2.16-2.20"
invalid_identifier.watsup	"invalid meta-variable identifier at p4spec-rust/test-driver/inputs/elab/invalid_identifier.watsup:1.5-1.17"
invalid_input_hint.watsup	"input hint index 1 is out of bounds for arity 1 at p4spec-rust/test-driver/inputs/elab/invalid_input_hint.watsup:1.1-2.17"
invalid_iteration.watsup	"- cannot iterate variable or otherwise premise at p4spec-rust/test-driver/inputs/elab/invalid_iteration.watsup:3.7-3.19"
invalid_rule_identifier.watsup	"rule relation does not match its group at p4spec-rust/test-driver/inputs/elab/invalid_rule_identifier.watsup:5.13-5.18"
invalid_type_extension.watsup	"cannot extend a non-variant type at p4spec-rust/test-driver/inputs/elab/invalid_type_extension.watsup:1.15-1.19"
non_boolean_table.watsup	"table must return boolean at p4spec-rust/test-driver/inputs/elab/non_boolean_table.watsup:1.22-1.25"
operator_not_defined.watsup	"- operator is not defined for the operand types at p4spec-rust/test-driver/inputs/elab/operator_not_defined.watsup:3.12-3.26"
undefined_function.watsup	"defined function `missing` is undefined at p4spec-rust/test-driver/inputs/elab/undefined_function.watsup:1.6-1.13"
unmatched_variant.watsup	"- expression elaboration failed at p4spec-rust/test-driver/inputs/elab/unmatched_variant.watsup:5.10-5.12\n  - expression does not match any variant case at p4spec-rust/test-driver/inputs/elab/unmatched_variant.watsup:5.10-5.12"
variable_type_collision.watsup	"type already defined at p4spec-rust/test-driver/inputs/elab/variable_type_collision.watsup:2.5-2.9"
