fail	testdata/regression/neg/issue-204.p4
fail	testdata/regression/neg/issue-207.p4
fail	testdata/regression/neg/issue-213.p4
fail	testdata/regression/neg/issue-222.p4
fail	testdata/regression/neg/issue-225.p4
fail	testdata/regression/neg/issue-227.p4
fail	testdata/regression/neg/issue-229.p4
fail	testdata/regression/neg/issue-230.p4
fail	testdata/regression/neg/issue-233.p4
fail	testdata/regression/neg/issue-236.p4
fail	testdata/regression/neg/issue-243.p4
fail	testdata/regression/neg/issue-245.p4
fail	testdata/regression/neg/placeholder.p4
